---
source: src/ui.rs
expression: output
---
 Chats               │╭ Alice ─────────────────────────────────────────────────────────────────────╮
  ? +15550007777 (1) ││[08:00] <Alice> Good morning! How's your day going?                         │
  • ##Family (2)     ││    👍  1                                                                    │
  • Carol (1)        ││● ╭ Settings ──────────────────────────────────────╮                        │
    ##Rust Devs      ││  │  [x] Direct message notifications              │                        │
    Bob              ││[0│  [x] Group message notifications               │ a run                  │
▸   Alice            ││● │  [ ] Desktop notifications                     │bed before 7            │
    Dave             ││[0│  [x] Sidebar visible                           │e habit                 │
                     ││● │  [x] Inline image previews                     │                        │
                     ││[0│  [x] Link previews                             │tomatic                 │
                     ││  │  [ ] Native images (experimental)              │                        │
                     ││[0│  [ ] Date separators                           │t too                   │
                     ││✓ │  [x] Read receipts                             │                        │
                     ││[0│  [x] Receipt colors                            │                        │
                     ││[0│  [ ] Nerd Font icons                           │/localmarket.example.com│
                     ││  │  [ ] Emoji to text                             │                        │
                     ││  │  [x] Show reactions                            │ry Saturday…            │
                     ││  │  [ ] Verbose reactions                         │                        │
                     ││○ │  [x] Send read receipts                        │                        │
                     ││✓ │  [x] Mouse support                             │owded.                  │
                     ││○ │  [ ] Sidebar on right                          │                        │
                     ││○ │  Notification preview: full                    │                        │
                     ││○ │  Theme: Default                                │nt to browse early      │
                     ││[0│  Keybindings: Default                          │                        │
                     ││  │  Profile: Default                              │                        │
                     │╰──╰────────────────────────────────────────────────╯────────────────────────╯
                     │╭────────────────────────────────────────────────────────────────────────────╮
                     ││  Type a message...                                                         │
                     │╰────────────────────────────────────────────────────────────────────────────╯
 [INSERT] │  ● connected │ Alice │ 7 chats
